// Jest Snapshot v1, https://goo.gl/fbAQLP

exports[`SearchItems renders 1`] = `
<div class="footer-container">
    <div class="block">Todo List</div>
    <div class="block">
        <base-input-stub placeholder="Search..." value="" customstyleclass="searchItemInputWrapper"></base-input-stub> <img src="../../../assets/icons/icons-search.svg" alt="Search">
    </div>
</div>
`;
